mode: count
lets-go-edwards/internal/validator/validator.go:20.34,22.2 1 0
lets-go-edwards/internal/validator/validator.go:25.56,27.26 1 0
lets-go-edwards/internal/validator/validator.go:27.26,29.3 1 0
lets-go-edwards/internal/validator/validator.go:31.2,31.46 1 0
lets-go-edwards/internal/validator/validator.go:31.46,33.3 1 0
lets-go-edwards/internal/validator/validator.go:37.54,39.2 1 0
lets-go-edwards/internal/validator/validator.go:41.62,42.9 1 0
lets-go-edwards/internal/validator/validator.go:42.9,44.3 1 0
lets-go-edwards/internal/validator/validator.go:49.34,51.2 1 0
lets-go-edwards/internal/validator/validator.go:54.41,56.2 1 0
lets-go-edwards/internal/validator/validator.go:59.72,61.2 1 0
lets-go-edwards/internal/validator/validator.go:64.41,66.2 1 0
lets-go-edwards/internal/validator/validator.go:69.52,71.2 1 0
lets-go-edwards/internal/assert/assert.go:8.60,13.24 2 0
lets-go-edwards/internal/assert/assert.go:13.24,15.3 1 0
lets-go-edwards/internal/assert/assert.go:19.69,24.50 2 0
lets-go-edwards/internal/assert/assert.go:24.50,26.3 1 0
lets-go-edwards/internal/assert/assert.go:30.43,33.19 2 0
lets-go-edwards/internal/assert/assert.go:33.19,35.3 1 0
lets-go-edwards/internal/models/mocks/snippets.go:20.87,22.2 1 0
lets-go-edwards/internal/models/mocks/snippets.go:25.60,26.12 1 0
lets-go-edwards/internal/models/mocks/snippets.go:27.9,28.26 1 0
lets-go-edwards/internal/models/mocks/snippets.go:29.10,30.46 1 0
lets-go-edwards/internal/models/mocks/snippets.go:35.59,37.2 1 0
lets-go-edwards/internal/models/mocks/users.go:8.64,9.15 1 0
lets-go-edwards/internal/models/mocks/users.go:10.26,11.34 1 0
lets-go-edwards/internal/models/mocks/users.go:13.10,14.13 1 0
lets-go-edwards/internal/models/mocks/users.go:19.71,20.60 1 0
lets-go-edwards/internal/models/mocks/users.go:20.60,22.3 1 0
lets-go-edwards/internal/models/mocks/users.go:23.2,23.40 1 0
lets-go-edwards/internal/models/mocks/users.go:26.50,27.12 1 0
lets-go-edwards/internal/models/mocks/users.go:28.9,29.19 1 0
lets-go-edwards/internal/models/mocks/users.go:30.10,31.20 1 0
lets-go-edwards/cmd/web/handlers.go:35.70,38.16 2 0
lets-go-edwards/cmd/web/handlers.go:38.16,41.3 2 0
lets-go-edwards/cmd/web/handlers.go:44.2,47.52 3 0
lets-go-edwards/cmd/web/handlers.go:51.77,53.26 2 5
lets-go-edwards/cmd/web/handlers.go:53.26,56.3 2 3
lets-go-edwards/cmd/web/handlers.go:59.2,60.16 2 2
lets-go-edwards/cmd/web/handlers.go:60.16,61.41 1 1
lets-go-edwards/cmd/web/handlers.go:61.41,63.4 1 1
lets-go-edwards/cmd/web/handlers.go:63.9,65.4 1 0
lets-go-edwards/cmd/web/handlers.go:66.3,66.9 1 1
lets-go-edwards/cmd/web/handlers.go:70.2,73.52 3 1
lets-go-edwards/cmd/web/handlers.go:77.79,83.2 3 0
lets-go-edwards/cmd/web/handlers.go:86.83,90.16 3 0
lets-go-edwards/cmd/web/handlers.go:90.16,93.3 2 0
lets-go-edwards/cmd/web/handlers.go:102.2,108.19 5 0
lets-go-edwards/cmd/web/handlers.go:108.19,113.3 4 0
lets-go-edwards/cmd/web/handlers.go:116.2,117.16 2 0
lets-go-edwards/cmd/web/handlers.go:117.16,120.3 2 0
lets-go-edwards/cmd/web/handlers.go:123.2,126.79 2 0
lets-go-edwards/cmd/web/handlers.go:130.76,134.2 3 1
lets-go-edwards/cmd/web/handlers.go:136.80,141.16 3 7
lets-go-edwards/cmd/web/handlers.go:141.16,144.3 2 0
lets-go-edwards/cmd/web/handlers.go:147.2,154.19 6 7
lets-go-edwards/cmd/web/handlers.go:154.19,159.3 4 5
lets-go-edwards/cmd/web/handlers.go:162.2,163.16 2 2
lets-go-edwards/cmd/web/handlers.go:163.16,165.47 1 1
lets-go-edwards/cmd/web/handlers.go:165.47,170.4 4 1
lets-go-edwards/cmd/web/handlers.go:173.2,175.57 2 2
lets-go-edwards/cmd/web/handlers.go:178.75,182.2 3 0
lets-go-edwards/cmd/web/handlers.go:185.79,188.16 3 0
lets-go-edwards/cmd/web/handlers.go:188.16,191.3 2 0
lets-go-edwards/cmd/web/handlers.go:194.2,198.19 4 0
lets-go-edwards/cmd/web/handlers.go:198.19,203.3 4 0
lets-go-edwards/cmd/web/handlers.go:206.2,207.16 2 0
lets-go-edwards/cmd/web/handlers.go:207.16,209.51 1 0
lets-go-edwards/cmd/web/handlers.go:209.51,214.4 4 0
lets-go-edwards/cmd/web/handlers.go:214.9,216.4 1 0
lets-go-edwards/cmd/web/handlers.go:217.3,217.9 1 0
lets-go-edwards/cmd/web/handlers.go:221.2,222.16 2 0
lets-go-edwards/cmd/web/handlers.go:222.16,225.3 2 0
lets-go-edwards/cmd/web/handlers.go:228.2,231.61 2 0
lets-go-edwards/cmd/web/handlers.go:234.80,237.16 2 0
lets-go-edwards/cmd/web/handlers.go:237.16,240.3 2 0
lets-go-edwards/cmd/web/handlers.go:242.2,245.47 3 0
lets-go-edwards/cmd/web/handlers.go:249.51,251.2 1 2
lets-go-edwards/cmd/web/helpers.go:15.88,22.2 3 0
lets-go-edwards/cmd/web/helpers.go:25.72,27.2 1 0
lets-go-edwards/cmd/web/helpers.go:29.116,32.9 2 8
lets-go-edwards/cmd/web/helpers.go:32.9,36.3 3 0
lets-go-edwards/cmd/web/helpers.go:39.2,41.16 3 8
lets-go-edwards/cmd/web/helpers.go:41.16,44.3 2 0
lets-go-edwards/cmd/web/helpers.go:50.2,52.16 2 8
lets-go-edwards/cmd/web/helpers.go:55.71,63.2 1 8
lets-go-edwards/cmd/web/helpers.go:66.72,68.16 2 7
lets-go-edwards/cmd/web/helpers.go:68.16,70.3 1 0
lets-go-edwards/cmd/web/helpers.go:72.2,73.16 2 7
lets-go-edwards/cmd/web/helpers.go:73.16,76.43 2 0
lets-go-edwards/cmd/web/helpers.go:76.43,77.14 1 0
lets-go-edwards/cmd/web/helpers.go:80.3,80.13 1 0
lets-go-edwards/cmd/web/helpers.go:83.2,83.12 1 7
lets-go-edwards/cmd/web/helpers.go:87.63,90.9 2 8
lets-go-edwards/cmd/web/helpers.go:90.9,92.3 1 8
lets-go-edwards/cmd/web/helpers.go:93.2,93.24 1 0
lets-go-edwards/cmd/web/main.go:32.42,35.16 2 0
lets-go-edwards/cmd/web/main.go:35.16,37.3 1 0
lets-go-edwards/cmd/web/main.go:39.2,40.16 2 0
lets-go-edwards/cmd/web/main.go:40.16,43.3 2 0
lets-go-edwards/cmd/web/main.go:44.2,44.16 1 0
lets-go-edwards/cmd/web/main.go:47.13,63.16 6 0
lets-go-edwards/cmd/web/main.go:63.16,66.3 2 0
lets-go-edwards/cmd/web/main.go:67.2,70.16 3 0
lets-go-edwards/cmd/web/main.go:70.16,73.3 2 0
lets-go-edwards/cmd/web/main.go:76.2,122.12 12 0
lets-go-edwards/cmd/web/middleware.go:12.52,13.71 1 4
lets-go-edwards/cmd/web/middleware.go:13.71,23.3 7 17
lets-go-edwards/cmd/web/middleware.go:28.68,29.71 1 3
lets-go-edwards/cmd/web/middleware.go:29.71,39.3 3 16
lets-go-edwards/cmd/web/middleware.go:43.70,44.71 1 3
lets-go-edwards/cmd/web/middleware.go:44.71,45.16 1 16
lets-go-edwards/cmd/web/middleware.go:45.16,46.36 1 16
lets-go-edwards/cmd/web/middleware.go:46.36,49.5 2 0
lets-go-edwards/cmd/web/middleware.go:52.3,52.23 1 16
lets-go-edwards/cmd/web/middleware.go:57.79,58.71 1 9
lets-go-edwards/cmd/web/middleware.go:58.71,60.30 1 0
lets-go-edwards/cmd/web/middleware.go:60.30,63.4 2 0
lets-go-edwards/cmd/web/middleware.go:65.3,67.23 2 0
lets-go-edwards/cmd/web/middleware.go:72.45,80.2 3 27
lets-go-edwards/cmd/web/middleware.go:82.70,83.71 1 27
lets-go-edwards/cmd/web/middleware.go:83.71,87.14 2 13
lets-go-edwards/cmd/web/middleware.go:87.14,90.4 2 13
lets-go-edwards/cmd/web/middleware.go:93.3,94.17 2 0
lets-go-edwards/cmd/web/middleware.go:94.17,97.4 2 0
lets-go-edwards/cmd/web/middleware.go:99.3,99.13 1 0
lets-go-edwards/cmd/web/middleware.go:99.13,102.4 2 0
lets-go-edwards/cmd/web/middleware.go:104.3,104.23 1 0
lets-go-edwards/cmd/web/routes.go:11.47,41.2 16 3
lets-go-edwards/cmd/web/templates.go:28.36,30.16 1 5
lets-go-edwards/cmd/web/templates.go:30.16,32.3 1 1
lets-go-edwards/cmd/web/templates.go:34.2,34.47 1 4
lets-go-edwards/cmd/web/templates.go:42.64,45.16 3 3
lets-go-edwards/cmd/web/templates.go:45.16,47.3 1 0
lets-go-edwards/cmd/web/templates.go:49.2,49.29 1 3
lets-go-edwards/cmd/web/templates.go:49.29,58.17 4 15
lets-go-edwards/cmd/web/templates.go:58.17,60.4 1 0
lets-go-edwards/cmd/web/templates.go:63.3,63.19 1 15
lets-go-edwards/cmd/web/templates.go:65.2,65.19 1 3
lets-go-edwards/internal/models/snippets.go:29.87,34.16 3 0
lets-go-edwards/internal/models/snippets.go:34.16,36.3 1 0
lets-go-edwards/internal/models/snippets.go:39.2,40.16 2 0
lets-go-edwards/internal/models/snippets.go:40.16,42.3 1 0
lets-go-edwards/internal/models/snippets.go:44.2,44.21 1 0
lets-go-edwards/internal/models/snippets.go:47.53,57.16 5 0
lets-go-edwards/internal/models/snippets.go:57.16,59.36 1 0
lets-go-edwards/internal/models/snippets.go:59.36,61.4 1 0
lets-go-edwards/internal/models/snippets.go:61.9,63.4 1 0
lets-go-edwards/internal/models/snippets.go:66.2,66.15 1 0
lets-go-edwards/internal/models/snippets.go:70.52,75.16 3 0
lets-go-edwards/internal/models/snippets.go:75.16,77.3 1 0
lets-go-edwards/internal/models/snippets.go:78.2,82.18 3 0
lets-go-edwards/internal/models/snippets.go:82.18,85.17 3 0
lets-go-edwards/internal/models/snippets.go:85.17,87.4 1 0
lets-go-edwards/internal/models/snippets.go:88.3,88.33 1 0
lets-go-edwards/internal/models/snippets.go:91.2,91.34 1 0
lets-go-edwards/internal/models/snippets.go:91.34,93.3 1 0
lets-go-edwards/internal/models/snippets.go:95.2,95.22 1 0
lets-go-edwards/internal/models/users.go:34.64,36.16 2 0
lets-go-edwards/internal/models/users.go:36.16,38.3 1 0
lets-go-edwards/internal/models/users.go:41.2,43.16 3 0
lets-go-edwards/internal/models/users.go:43.16,46.34 2 0
lets-go-edwards/internal/models/users.go:46.34,48.91 1 0
lets-go-edwards/internal/models/users.go:48.91,50.5 1 0
lets-go-edwards/internal/models/users.go:52.3,52.13 1 0
lets-go-edwards/internal/models/users.go:55.2,55.12 1 0
lets-go-edwards/internal/models/users.go:59.71,67.16 5 0
lets-go-edwards/internal/models/users.go:67.16,68.36 1 0
lets-go-edwards/internal/models/users.go:68.36,70.4 1 0
lets-go-edwards/internal/models/users.go:70.9,72.4 1 0
lets-go-edwards/internal/models/users.go:76.2,77.16 2 0
lets-go-edwards/internal/models/users.go:77.16,78.58 1 0
lets-go-edwards/internal/models/users.go:78.58,80.4 1 0
lets-go-edwards/internal/models/users.go:80.9,82.4 1 0
lets-go-edwards/internal/models/users.go:85.2,85.16 1 0
lets-go-edwards/internal/models/users.go:89.50,95.2 4 3
